g++ -c -pipe -O2 -Wall -W -D_REENTRANT -fPIC -DQT_DEPRECATED_WARNINGS -DQT_NO_DEBUG -DQT_WIDGETS_LIB -DQT_GUI_LIB -DQT_CORE_LIB -I. -I. -isystem /usr/include/QtWidgets -isystem /usr/include/QtGui -isystem /usr/include/QtCore -I. -isystem /usr/include/libdrm -I/usr/lib64/qt5/mkspecs/linux-g++ -o mainwindow.o src/TEST/mainwindow.cpp
